192.168.1.1 - - [29/Oct/2025:20:45:10] 'GET /index.html HTTP/1.1' 200 1043
192.168.1.2 - - [29/Oct/2025:20:46:22] 'POST /login HTTP/1.1' 403 215
192.168.1.3 - - [29/Oct/2025:20:47:33] 'GET /dashboard HTTP/1.1' 500 333
192.168.1.4 - - [29/Oct/2025:20:48:44] 'GET /contact HTTP/1.1' 200 275
